// Jest Snapshot v1, https://goo.gl/fbAQLP

exports[`<Home /> should match snapshot 1`] = `
<View>
  <Text>
    Home View.
  </Text>
</View>
`;
