// Jest Snapshot v1, https://goo.gl/fbAQLP

exports[`<SignUp /> should match snapshot 1`] = `
<View>
  <Text>
    SignUp View
  </Text>
</View>
`;
